:converts: 202, total: 13403, percent: 0.015071252704618369[ec2-user@ip-10-0-0-78 lihong_depth10]$ 
[ec2-user@ip-10-0-0-78 lihong_depth10]$ cat lihong__indexRun_1
:converts: 207, total: 13489, percent: 0.015345837348950998[ec2-user@ip-10-0-0-78 lihong_depth10]$ 
[ec2-user@ip-10-0-0-78 lihong_depth10]$ cat lihong__indexRun_2
9converts: 214, total: 13475, percent: 0.01588126159554731[ec2-user@ip-10-0-0-78 lihong_depth10]$ 
[ec2-user@ip-10-0-0-78 lihong_depth10]$ cat lihong__indexRun_3
:converts: 211, total: 13548, percent: 0.015574254502509596[ec2-user@ip-10-0-0-78 lihong_depth10]$ 
[ec2-user@ip-10-0-0-78 lihong_depth10]$ cat lihong__indexRun_4
:converts: 211, total: 13600, percent: 0.015514705882352941[ec2-user@ip-10-0-0-78 lihong_depth10]$ 
[ec2-user@ip-10-0-0-78 lihong_depth10]$ cat lihong__indexRun_5
:converts: 210, total: 13494, percent: 0.015562472209871054[ec2-user@ip-10-0-0-78 lihong_depth10]$ 
[ec2-user@ip-10-0-0-78 lihong_depth10]$ cat lihong__indexRun_6
:converts: 208, total: 13503, percent: 0.015403984299785232[ec2-user@ip-10-0-0-78 lihong_depth10]$ 
[ec2-user@ip-10-0-0-78 lihong_depth10]$ cat lihong__indexRun_7
9converts: 216, total: 13465, percent: 0.01604158930560713[ec2-user@ip-10-0-0-78 lihong_depth10]$ 
[ec2-user@ip-10-0-0-78 lihong_depth10]$ cat lihong__indexRun_8
:converts: 211, total: 13468, percent: 0.015666765666765666[ec2-user@ip-10-0-0-78 lihong_depth10]$ 
[ec2-user@ip-10-0-0-78 lihong_depth10]$ cat lihong__indexRun_9
:converts: 211, total: 13428, percent: 0.015713434614238905[ec2-user@ip-10-0-0-78 lihong_depth10]$ 
[ec2-user@ip-10-0-0-78 lihong_depth10]$ cat lihong__indexRun_10
:converts: 209, total: 13612, percent: 0.015354099324125771[ec2-user@ip-10-0-0-78 lihong_depth10]$ 
[ec2-user@ip-10-0-0-78 lihong_depth10]$ cat lihong__indexRun_11
:converts: 215, total: 13510, percent: 0.015914137675795706[ec2-user@ip-10-0-0-78 lihong_depth10]$ 
[ec2-user@ip-10-0-0-78 lihong_depth10]$ cat lihong__indexRun_12
:converts: 205, total: 13508, percent: 0.015176191886289606[ec2-user@ip-10-0-0-78 lihong_depth10]$ 
[ec2-user@ip-10-0-0-78 lihong_depth10]$ cat lihong__indexRun_13
9converts: 220, total: 13505, percent: 0.01629026286560533[ec2-user@ip-10-0-0-78 lihong_depth10]$ 
[ec2-user@ip-10-0-0-78 lihong_depth10]$ cat lihong__indexRun_14
:converts: 218, total: 13483, percent: 0.016168508492175333[ec2-user@ip-10-0-0-78 lihong_depth10]$ 
[ec2-user@ip-10-0-0-78 lihong_depth10]$ cat lihong__indexRun_15
9converts: 212, total: 13473, percent: 0.01573517405180732[ec2-user@ip-10-0-0-78 lihong_depth10]$ 
[ec2-user@ip-10-0-0-78 lihong_depth10]$ cat lihong__indexRun_16
:converts: 212, total: 13492, percent: 0.015713015120071155[ec2-user@ip-10-0-0-78 lihong_depth10]$ 
[ec2-user@ip-10-0-0-78 lihong_depth10]$ cat lihong__indexRun_17
:converts: 210, total: 13544, percent: 0.015505020673360898[ec2-user@ip-10-0-0-78 lihong_depth10]$ 
[ec2-user@ip-10-0-0-78 lihong_depth10]$ cat lihong__indexRun_18
8converts: 217, total: 13563, percent: 0.0159994101599941[ec2-user@ip-10-0-0-78 lihong_depth10]$ 
[ec2-user@ip-10-0-0-78 lihong_depth10]$ cat lihong__indexRun_19
9converts: 215, total: 13466, percent: 0.01596613693747215[ec2-user@ip-10-0-0-78 lihong_depth10]$ 
[ec2-user@ip-10-0-0-78 lihong_depth10]$ cat lihong__indexRun_20
:converts: 212, total: 13492, percent: 0.015713015120071155[ec2-user@ip-10-0-0-78 lihong_depth10]$ 
[ec2-user@ip-10-0-0-78 lihong_depth10]$ cat lihong__indexRun_21
:converts: 206, total: 13488, percent: 0.015272835112692763[ec2-user@ip-10-0-0-78 lihong_depth10]$ 
[ec2-user@ip-10-0-0-78 lihong_depth10]$ cat lihong__indexRun_22
:converts: 222, total: 13500, percent: 0.016444444444444446[ec2-user@ip-10-0-0-78 lihong_depth10]$ 
[ec2-user@ip-10-0-0-78 lihong_depth10]$ cat lihong__indexRun_23
9converts: 219, total: 13539, percent: 0.01617549302016397[ec2-user@ip-10-0-0-78 lihong_depth10]$ 
[ec2-user@ip-10-0-0-78 lihong_depth10]$ cat lihong__indexRun_24
:converts: 210, total: 13545, percent: 0.015503875968992248[ec2-user@ip-10-0-0-78 lihong_depth10]$ 
[ec2-user@ip-10-0-0-78 lihong_depth10]$ cat lihong__indexRun_25
:converts: 214, total: 13589, percent: 0.015748031496062992[ec2-user@ip-10-0-0-78 lihong_depth10]$ 
[ec2-user@ip-10-0-0-78 lihong_depth10]$ cat lihong__indexRun_26
:converts: 220, total: 13489, percent: 0.016309585588257097[ec2-user@ip-10-0-0-78 lihong_depth10]$ 
[ec2-user@ip-10-0-0-78 lihong_depth10]$ cat lihong__indexRun_27
:converts: 214, total: 13467, percent: 0.015890695774857057[ec2-user@ip-10-0-0-78 lihong_depth10]$ 
[ec2-user@ip-10-0-0-78 lihong_depth10]$ cat lihong__indexRun_28
9converts: 207, total: 13531, percent: 0.01529820412386372[ec2-user@ip-10-0-0-78 lihong_depth10]$ 
[ec2-user@ip-10-0-0-78 lihong_depth10]$ cat lihong__indexRun_29
:converts: 211, total: 13482, percent: 0.015650496958908175[ec2-user@ip-10-0-0-78 lihong_depth10]$ 
[ec2-user@ip-10-0-0-78 lihong_depth10]$ cat lihong__indexRun_30
:converts: 212, total: 13478, percent: 0.015729336696839295[ec2-user@ip-10-0-0-78 lihong_depth10]$ 
[ec2-user@ip-10-0-0-78 lihong_depth10]$ cat lihong__indexRun_31
cat: lihong__indexRun_31: No such file or directory
[ec2-user@ip-10-0-0-78 lihong_depth10]$ cd ../
[ec2-user@ip-10-0-0-78 aarp]$ cat lihong__indexRun_32
:converts: 207, total: 13492, percent: 0.015342425140824192[ec2-user@ip-10-0-0-78 aarp]$ 
[ec2-user@ip-10-0-0-78 aarp]$ cat lihong__indexRun_33
:converts: 212, total: 13450, percent: 0.015762081784386615[ec2-user@ip-10-0-0-78 aarp]$ 
[ec2-user@ip-10-0-0-78 aarp]$ cat lihong__indexRun_34
:converts: 208, total: 13545, percent: 0.015356220007382798[ec2-user@ip-10-0-0-78 aarp]$ 
[ec2-user@ip-10-0-0-78 aarp]$ cat lihong__indexRun_35
:converts: 211, total: 13550, percent: 0.015571955719557195[ec2-user@ip-10-0-0-78 aarp]$ 
[ec2-user@ip-10-0-0-78 aarp]$ cat lihong__indexRun_36
:converts: 217, total: 13475, percent: 0.016103896103896103[ec2-user@ip-10-0-0-78 aarp]$ 
[ec2-user@ip-10-0-0-78 aarp]$ cat lihong__indexRun_37
:converts: 211, total: 13486, percent: 0.015645854960699986[ec2-user@ip-10-0-0-78 aarp]$ 
[ec2-user@ip-10-0-0-78 aarp]$ cat lihong__indexRun_38
:converts: 214, total: 13500, percent: 0.015851851851851853[ec2-user@ip-10-0-0-78 aarp]$ 
